// Jest Snapshot v1, https://goo.gl/fbAQLP

exports[`should render Header correctly 1`] = `
<div>
  <h1>
    Expensify
  </h1>
  <NavLink
    activeClassName="active"
    ariaCurrent="true"
    to="/"
  >
    Home
  </NavLink>
  <NavLink
    activeClassName="active"
    ariaCurrent="true"
    to="/create"
  >
    Add Expense
  </NavLink>
  <NavLink
    activeClassName="active"
    ariaCurrent="true"
    to="/help"
  >
    Help
  </NavLink>
</div>
`;
